// Jest Snapshot v1, https://goo.gl/fbAQLP

exports[`<ProductsComponent /> render 1`] = `""`;
