// Jest Snapshot v1, https://goo.gl/fbAQLP

exports[`<App /> render 1`] = `
<BrowserRouter>
  <main>
    <Container
      className="background"
      fluid={true}
    >
      <Row
        noGutters={false}
      >
        <Col
          md={5}
          xs={12}
        >
          <LeftComponent />
        </Col>
        <Col
          className="wrapper"
          md={7}
          xs={12}
        >
          <Switch>
            <PrivateRoute
              component={[Function]}
              path="/shops"
            />
            <PrivateRoute
              component={[Function]}
              path="/products/:id"
            />
            <Route
              component={[Function]}
              path="/"
            />
          </Switch>
        </Col>
      </Row>
      <AlertComponent />
    </Container>
  </main>
</BrowserRouter>
`;
